var websters = new Dictionary<string, string>();
websters.Add("Chazzwazzers", "What Australians would have called a bull frog.");
websters.ShouldNotContainValueForKey("Chazzwazzers",  "What Australians would have called a bull frog.");
