var websters = new Dictionary<string, string>();
websters.Add("Embiggen", "To empower or embolden.");
websters.ShouldContainKey("Cromulent");
