var websters = new Dictionary<string, string>();
websters.Add("Cromulent", "I never heard the word before moving to Springfield.");
websters.ShouldContainKeyAndValue("Cromulent", "Fine, acceptable.");
