var mrBurns = new Person() { Name = "Mr.Burns", Salary = 3000000 };
var kentBrockman = new Person() { Name = "Kent Brockman", Salary = 3000000 };
var homer = new Person() { Name = "Homer", Salary = 30000 };
var millionares = new List<Person>() { kentBrockman, homer };
millionares.ShouldContain(mrBurns);
