var homer = new Person() { Name = "Homer", Salary = 30000 };
var moe = new Person() { Name = "Moe", Salary = 20000 };
var barney = new Person() { Name = "Barney", Salary = 0 };
var millionares = new List<Person>() { homer, moe, barney };
millionares.ShouldContain(m => m.Salary > 1000000);
