string myRef = "Hello World";
myRef.ShouldBeNull();
