Approval file D:\_code\shouldly\src\DocumentationExamples\Document.approved.txt
    does not exist