var principleSkinner = new Person() { Name = "Armin Tamzarian"};
var symourSkinner = new Person() { Name = "Seymour Skinner" };
principleSkinner.ShouldBeSameAs(symourSkinner);
