shouldMethod
    should not have flag
TestEnum.FlagOne
    but it had
TestEnum.FlagOne